2026-09-27 21:41:10,871 | INFO | === INÍCIO DA AUTOMAÇÃO ===
2026-09-27 21:41:10,873 | INFO | Iniciando leitura do arquivo: tests\fixtures\com_coluna_nova.csv
2026-09-27 21:41:10,898 | INFO | Arquivo carregado com sucesso: 6400 linhas e 20 colunas.
2026-09-27 21:41:10,898 | INFO | Validando estrutura do arquivo.
2026-09-27 21:41:10,898 | WARNING | Novas colunas identificadas: nova_coluna_teste. Elas serão preservadas.
2026-09-27 21:41:10,899 | INFO | Estrutura do arquivo validada com sucesso.
2026-09-27 21:41:10,899 | INFO | Iniciando tratamento dos dados.
2026-09-27 21:41:10,907 | INFO | Terrenos removidos: 535. Registros restantes: 5865.
2026-09-27 21:41:11,772 | INFO | Datas de entrada inválidas: 0.
2026-09-27 21:41:11,773 | WARNING | 1 registro(s) com etapa acima de 6. Para a análise do funil, foram mapeados para a etapa 6.
2026-09-27 21:41:11,777 | INFO | Propostas com LTV solicitado acima de 60%: 904.
2026-09-27 21:41:11,778 | WARNING | 1 registro(s) com idade inferior a 18 anos. Os registros foram preservados.
2026-09-27 21:41:11,783 | INFO | Datas de assinatura anteriores à entrada: 1.
2026-09-27 21:41:11,783 | WARNING | 1 registro(s) possuem data de assinatura anterior à data de entrada. Os registros foram preservados.
2026-09-27 21:41:11,787 | INFO | Tratamento concluído. Linhas recebidas: 6400. Linhas utilizadas: 5865.
2026-09-27 21:41:11,787 | INFO | Iniciando cálculo das métricas.
2026-09-27 21:41:11,831 | INFO | Métricas calculadas com sucesso. Conversão geral: 19.23%.
2026-09-27 21:41:11,832 | INFO | Iniciando geração dos gráficos.
2026-09-27 21:41:13,052 | INFO | 3 gráficos gerados com sucesso.
2026-09-27 21:41:13,056 | INFO | Iniciando geração do relatório HTML.
2026-09-27 21:41:13,081 | INFO | Relatório HTML gerado com sucesso: C:\Users\luan_\OneDrive\Área de Trabalho\case-bari\reports\relatorio_funil_20260927_214110.html
2026-09-27 21:41:13,090 | INFO | === AUTOMAÇÃO CONCLUÍDA COM SUCESSO ===
